Microchip MPLAB XC8 Compiler V2.31

Linker command line:

-W-3 --edf=C:\Program Files\Microchip\xc8\v2.31\pic\dat\en_msgs.txt -cn \
  -h+dist/default/production\software.production.sym \
  --cmf=dist/default/production\software.production.cmf -z -Q16F627A \
  -oC:\Users\KANDER~1\AppData\Local\Temp\sdkg.2 --defsym=__MPLAB_BUILD=1 \
  -Mdist/default/production/software.production.map -E1 -ver=XC8 Compiler \
  --acfsm=1493 -ASTACK=0A0h-0EFh -pstack=STACK -ACODE=00h-03FFh \
  -ASTRCODE=00h-03FFh -ASTRING=00h-0FFhx4 -ACONST=00h-0FFhx4 \
  -AENTRY=00h-0FFhx4 -ACOMMON=070h-07Fh -ABANK0=020h-06Fh -ABANK1=0A0h-0EFh \
  -ABANK2=0120h-014Fh -ARAM=020h-06Fh,0A0h-0EFh,0120h-014Fh \
  -AABS1=020h-07Fh,0A0h-0EFh,0120h-014Fh -ASFR0=00h-01Fh -ASFR1=080h-09Fh \
  -ASFR2=0100h-011Fh -ASFR3=0180h-01EFh -ACONFIG=02007h-02007h -DCONFIG=2 \
  -AIDLOC=02000h-02003h -DIDLOC=2 -AEEDATA=00h-07Fh/02100h \
  -peeprom_data=EEDATA -DEEDATA=2 -DCODE=2 -DSTRCODE=2 -DSTRING=2 -DCONST=2 \
  -DENTRY=2 -preset_vec=00h,intentry=04h,init,end_init -ppowerup=CODE \
  -pcinit=CODE -pfunctab=ENTRY -k \
  C:\Users\KANDER~1\AppData\Local\Temp\sdkg.o \
  dist/default/production\software.production.o 

Object code version is 3.11

Machine type is 16F627A



                Name                               Link     Load   Length Selector   Space Scale
C:\Users\KANDER~1\AppData\Local\Temp\sdkg.o
                end_init                              E        E        1        8       0
                reset_vec                             0        0        1        0       0
                config                             2007     2007        1        0       4
dist/default/production\software.production.o
                cinit                                 F        F       17        8       0
                intentry                              4        4        A        8       0
                config                             2007     2007        1        0       4
                text12                              1B5      1B5       46        8       0
                text11                              308      308        A        8       0
                text10                              267      267       2D        8       0
                text9                               2FD      2FD        B        8       0
                text8                               1FB      1FB       39        8       0
                text7                               156      156       5F        8       0
                text6                                EF       EF       67        8       0
                text5                                26       26       C9        8       0
                text4                               2BC      2BC       23        8       0
                text3                               294      294       28        8       0
                text2                               2DF      2DF       12        8       0
                text1                               234      234       33        8       0
                maintext                            2F1      2F1        C        8       0
                cstackBANK0                          2E       2E        5       20       1
                cstackCOMMON                         70       70        C       70       1
                dataBANK0                            29       29        5       20       1
                bssBANK0                             20       20        9       20       1
                bssCOMMON                            7C       7C        2       70       1
                idataEEDATA                           0     2100        1     4200       3
                idataBANK0                          312      312        5        8       0

TOTAL           Name                               Link     Load   Length     Space
        CLASS   STACK          

        CLASS   CODE           
                end_init                              E        E        1         0
                cinit                                 F        F       17         0
                intentry                              4        4        A         0
                reset_vec                             0        0        1         0
                text12                              1B5      1B5       46         0
                text11                              308      308        A         0
                text10                              267      267       2D         0
                text9                               2FD      2FD        B         0
                text8                               1FB      1FB       39         0
                text7                               156      156       5F         0
                text6                                EF       EF       67         0
                text5                                26       26       C9         0
                text4                               2BC      2BC       23         0
                text3                               294      294       28         0
                text2                               2DF      2DF       12         0
                text1                               234      234       33         0
                maintext                            2F1      2F1        C         0
                idataBANK0                          312      312        5         0

        CLASS   STRCODE        

        CLASS   STRING         

        CLASS   CONST          

        CLASS   ENTRY          

        CLASS   COMMON         
                cstackCOMMON                         70       70        C         1
                bssCOMMON                            7C       7C        2         1

        CLASS   BANK0          
                cstackBANK0                          2E       2E        5         1
                dataBANK0                            29       29        5         1
                bssBANK0                             20       20        9         1

        CLASS   BANK1          

        CLASS   BANK2          

        CLASS   RAM            

        CLASS   ABS1           
                abs_s1                               7E       7E        2         1

        CLASS   SFR0           

        CLASS   SFR1           

        CLASS   SFR2           

        CLASS   SFR3           

        CLASS   CONFIG         
                config                             2007     2007        1         4

        CLASS   IDLOC          

        CLASS   EEDATA         
                idataEEDATA                           0     2100        1         3

        CLASS   BANK3          



SEGMENTS        Name                           Load    Length   Top    Selector   Space  Class     Delta

                reset_vec                      000000  000001  000001         0       0  CODE        2
                intentry                       000004  000313  000317         8       0  CODE        2
                bssBANK0                       000020  000013  000033        20       1  BANK0       1
                cstackCOMMON                   000070  00000E  00007E        70       1  COMMON      1
                idataEEDATA                    002100  000001  002101      4200       3  EEDATA      2


UNUSED ADDRESS RANGES

        Name                Unused          Largest block    Delta
        BANK0            0033-006F             3D           1
        BANK1            00A0-00EF             50           1
        BANK2            0120-014F             30           1
        CODE             0001-0003              3           2
                         0317-03FF             E9
        CONST            0001-0003              3           2
                         0317-03FF             E9
        EEDATA           2101-217F             7F           2
        ENTRY            0001-0003              3           2
                         0317-03FF             E9
        IDLOC            2000-2003              4           2
        RAM              0033-006F             3D           1
                         00A0-00EF             50
                         0120-014F             30
        SFR0             0000-001F             20           1
        SFR1             0080-009F             20           1
        SFR2             0100-011F             20           1
        SFR3             0180-01EF             70           1
        STACK            00A0-00EF             50           1
        STRCODE          0001-0003              3           2
                         0317-03FF             E9
        STRING           0001-0003              3           2
                         0317-03FF             E9

                                  Symbol Table

?___awdiv                              cstackCOMMON 0070
_EEADR                                 (abs)        009B
_EECON1                                (abs)        009C
_EECON1bits                            (abs)        009C
_EECON2                                (abs)        009D
_EEDATA                                (abs)        009A
_INTCONbits                            (abs)        000B
_OPTION_REGbits                        (abs)        0081
_PIE1bits                              (abs)        008C
_PIR1bits                              (abs)        000C
_PORTB                                 (abs)        0006
_PORTBbits                             (abs)        0006
_STATUSbits                            (abs)        0003
_T1CONbits                             (abs)        0010
_TMR0                                  (abs)        0001
_TMR1H                                 (abs)        000F
_TMR1L                                 (abs)        000E
_TRISB                                 (abs)        0086
__Habs1                                abs1         0000
__Hbank0                               bank0        0000
__Hbank1                               bank1        0000
__Hbank2                               bank2        0000
__Hbank3                               bank3        0000
__HbssBANK0                            bssBANK0     0000
__HbssCOMMON                           bssCOMMON    0000
__Hcinit                               cinit        0026
__Hclrtext                             clrtext      0000
__Hcode                                code         0000
__Hcommon                              common       0000
__Hconfig                              config       2008
__HcstackBANK0                         cstackBANK0  0000
__HcstackCOMMON                        cstackCOMMON 0000
__HdataBANK0                           dataBANK0    0000
__HdataEEDATA                          dataEEDATA   0000
__Heeprom_data                         eeprom_data  0000
__Hend_init                            end_init     000F
__Hfunctab                             functab      0000
__HidataBANK0                          idataBANK0   0000
__HidataEEDATA                         idataEEDATA  0000
__Hinit                                init         000E
__Hintentry                            intentry     000E
__Hmaintext                            maintext     0000
__Hpowerup                             powerup      0000
__Hram                                 ram          0000
__Hreset_vec                           reset_vec    0001
__Hsfr0                                sfr0         0000
__Hsfr1                                sfr1         0000
__Hsfr2                                sfr2         0000
__Hsfr3                                sfr3         0000
__Hspace_0                             (abs)        0317
__Hspace_1                             (abs)        007E
__Hspace_2                             (abs)        0000
__Hspace_3                             (abs)        0001
__Hspace_4                             (abs)        400F
__Hstack                               stack        0000
__Hstrings                             strings      0000
__Htext                                text         0000
__Labs1                                abs1         0000
__Lbank0                               bank0        0000
__Lbank1                               bank1        0000
__Lbank2                               bank2        0000
__Lbank3                               bank3        0000
__LbssBANK0                            bssBANK0     0000
__LbssCOMMON                           bssCOMMON    0000
__Lcinit                               cinit        000F
__Lclrtext                             clrtext      0000
__Lcode                                code         0000
__Lcommon                              common       0000
__Lconfig                              config       0000
__LcstackBANK0                         cstackBANK0  0000
__LcstackCOMMON                        cstackCOMMON 0000
__LdataBANK0                           dataBANK0    0000
__LdataEEDATA                          dataEEDATA   0000
__Leeprom_data                         eeprom_data  0000
__Lend_init                            end_init     000E
__Lfunctab                             functab      0000
__LidataBANK0                          idataBANK0   0000
__LidataEEDATA                         idataEEDATA  0000
__Linit                                init         000E
__Lintentry                            intentry     0004
__Lmaintext                            maintext     0000
__Lpowerup                             powerup      0000
__Lram                                 ram          0000
__Lreset_vec                           reset_vec    0000
__Lsfr0                                sfr0         0000
__Lsfr1                                sfr1         0000
__Lsfr2                                sfr2         0000
__Lsfr3                                sfr3         0000
__Lspace_0                             (abs)        0000
__Lspace_1                             (abs)        0000
__Lspace_2                             (abs)        0000
__Lspace_3                             (abs)        0000
__Lspace_4                             (abs)        0000
__Lstack                               stack        0000
__Lstrings                             strings      0000
__Ltext                                text         0000
__S0                                   (abs)        0317
__S1                                   (abs)        007E
__S2                                   (abs)        0000
__S3                                   (abs)        2101
___awdiv                               text6        00EF
___awdiv@counter                       cstackCOMMON 0075
___awdiv@dividend                      cstackCOMMON 0072
___awdiv@divisor                       cstackCOMMON 0070
___awdiv@quotient                      cstackCOMMON 0077
___awdiv@sign                          cstackCOMMON 0076
___ctoee                               text11       0308
___ctoee@addr                          cstackCOMMON 0077
___ctoee@data                          cstackCOMMON 0075
___eecpymem                            text10       0267
___eecpymem@cp                         cstackCOMMON 0073
___eecpymem@from                       cstackCOMMON 0070
___eecpymem@size                       cstackCOMMON 0071
___eecpymem@to                         cstackCOMMON 0074
___eetoc                               text9        02FD
___eetoc@addr                          cstackCOMMON 0076
___eetoc@data                          cstackCOMMON 0077
___int_sp                              stack        0000
___latbits                             (abs)        0000
___memcpyee                            text12       01B5
___memcpyee@from                       cstackCOMMON 0070
___memcpyee@ptr                        cstackCOMMON 0073
___memcpyee@size                       cstackCOMMON 0071
___memcpyee@to                         cstackCOMMON 0074
___sp                                  stack        0000
___stackhi                             (abs)        0000
___stacklo                             (abs)        0000
__end_of___awdiv                       text6        0156
__end_of___ctoee                       text11       0312
__end_of___eecpymem                    text10       0294
__end_of___eetoc                       text9        0308
__end_of___memcpyee                    text12       01FB
__end_of__initialization               cinit        0024
__end_of_handle_timer_0_overflow       text7        01B5
__end_of_handle_timer_1_overflow       text5        00EF
__end_of_initialize_hw                 text3        02BC
__end_of_interrupt_handler             text4        02DF
__end_of_is_valid_message              text8        0234
__end_of_main                          maintext     02FD
__end_of_packet_rx                     text2        02F1
__end_of_set_zones                     text1        0267
__initialization                       cinit        000F
__pbssBANK0                            bssBANK0     0020
__pbssCOMMON                           bssCOMMON    007C
__pcstackBANK0                         cstackBANK0  002E
__pcstackCOMMON                        cstackCOMMON 0070
__pdataBANK0                           dataBANK0    0029
__pdataEEDATA                          dataEEDATA   0000
__pidataBANK0                          idataBANK0   0312
__pidataEEDATA                         idataEEDATA  0000
__pintentry                            intentry     0004
__pmaintext                            maintext     02F1
__ptext1                               text1        0234
__ptext10                              text10       0267
__ptext11                              text11       0308
__ptext12                              text12       01B5
__ptext2                               text2        02DF
__ptext3                               text3        0294
__ptext4                               text4        02BC
__ptext5                               text5        0026
__ptext6                               text6        00EF
__ptext7                               text7        0156
__ptext8                               text8        01FB
__ptext9                               text9        02FD
__size_of___awdiv                      (abs)        0000
__size_of___ctoee                      (abs)        0000
__size_of___eecpymem                   (abs)        0000
__size_of___eetoc                      (abs)        0000
__size_of___memcpyee                   (abs)        0000
__size_of_handle_timer_0_overflow      (abs)        0000
__size_of_handle_timer_1_overflow      (abs)        0000
__size_of_initialize_hw                (abs)        0000
__size_of_interrupt_handler            (abs)        0000
__size_of_is_valid_message             (abs)        0000
__size_of_main                         (abs)        0000
__size_of_packet_rx                    (abs)        0000
__size_of_set_zones                    (abs)        0000
_blink_frame                           bssCOMMON    007C
_blink_patterns                        dataBANK0    0029
_expected_address                      idataEEDATA  0000
_handle_timer_0_overflow               text7        0156
_handle_timer_1_overflow               text5        0026
_initialize_hw                         text3        0294
_interrupt_handler                     text4        02BC
_is_valid_message                      text8        01FB
_is_valid_message$236                  cstackCOMMON 0078
_is_valid_message$237                  cstackCOMMON 0079
_main                                  maintext     02F1
_message                               bssBANK0     0020
_missing                               bssBANK0     0026
_packet                                bssBANK0     0028
_packet_count                          bssBANK0     0027
_packet_rx                             text2        02DF
_pairing_count                         bssBANK0     0024
_pairing_mode                          bssBANK0     0025
_set_zones                             text1        0234
_state                                 bssCOMMON    007D
btemp                                  (abs)        007E
end_of_initialization                  cinit        0024
handle_timer_0_overflow@starting_state cstackCOMMON 007B
interrupt_function                     intentry     0004
intlevel0                              functab      0000
intlevel1                              functab      0000
intlevel2                              functab      0000
intlevel3                              functab      0000
intlevel4                              functab      0000
intlevel5                              functab      0000
reset_vec                              reset_vec    0000
saved_w                                (abs)        007E
start                                  init         000E
start_initialization                   cinit        000F
wtemp0                                 (abs)        007E


FUNCTION INFORMATION:

 *************** function _main *****************
 Defined at:
		line 328 in file "main_rx.c"
 Parameters:    Size  Location     Type
		None
 Auto vars:     Size  Location     Type
		None
 Return value:  Size  Location     Type
                  1    wreg      void 
 Registers used:
		wreg, fsr0l, fsr0h, status,2, status,0, pclath, cstack
 Tracked objects:
		On entry : 
		On exit  : 
		Unchanged: 
 Data sizes:     COMMON   BANK0   BANK1   BANK2
      Params:         0       0       0       0
      Locals:         0       0       0       0
      Temps:          0       0       0       0
      Totals:         0       0       0       0
Total ram usage:        0 bytes
 Hardware stack levels required when called:    6
 This function calls:
		_initialize_hw
		_packet_rx
		_set_zones
 This function is called by:
		Startup code after reset
 This function uses a non-reentrant model


 *************** function _set_zones *****************
 Defined at:
		line 266 in file "main_rx.c"
 Parameters:    Size  Location     Type
		None
 Auto vars:     Size  Location     Type
		None
 Return value:  Size  Location     Type
                  1    wreg      void 
 Registers used:
		wreg, fsr0l, fsr0h, status,2, status,0
 Tracked objects:
		On entry : 
		On exit  : 
		Unchanged: 
 Data sizes:     COMMON   BANK0   BANK1   BANK2
      Params:         0       0       0       0
      Locals:         0       0       0       0
      Temps:          0       2       0       0
      Totals:         0       2       0       0
Total ram usage:        2 bytes
 Hardware stack levels used:    1
 Hardware stack levels required when called:    5
 This function calls:
		Nothing
 This function is called by:
		_main
 This function uses a non-reentrant model


 *************** function _packet_rx *****************
 Defined at:
		line 301 in file "main_rx.c"
 Parameters:    Size  Location     Type
		None
 Auto vars:     Size  Location     Type
		None
 Return value:  Size  Location     Type
                  1    wreg      void 
 Registers used:
		wreg, status,2, status,0
 Tracked objects:
		On entry : 
		On exit  : 
		Unchanged: 
 Data sizes:     COMMON   BANK0   BANK1   BANK2
      Params:         0       0       0       0
      Locals:         0       0       0       0
      Temps:          0       1       0       0
      Totals:         0       1       0       0
Total ram usage:        1 bytes
 Hardware stack levels used:    1
 Hardware stack levels required when called:    5
 This function calls:
		Nothing
 This function is called by:
		_main
 This function uses a non-reentrant model


 *************** function _initialize_hw *****************
 Defined at:
		line 49 in file "main_rx.c"
 Parameters:    Size  Location     Type
		None
 Auto vars:     Size  Location     Type
		None
 Return value:  Size  Location     Type
                  1    wreg      void 
 Registers used:
		wreg, status,2
 Tracked objects:
		On entry : 
		On exit  : 
		Unchanged: 
 Data sizes:     COMMON   BANK0   BANK1   BANK2
      Params:         0       0       0       0
      Locals:         0       0       0       0
      Temps:          0       0       0       0
      Totals:         0       0       0       0
Total ram usage:        0 bytes
 Hardware stack levels used:    1
 Hardware stack levels required when called:    5
 This function calls:
		Nothing
 This function is called by:
		_main
 This function uses a non-reentrant model


 *************** function _interrupt_handler *****************
 Defined at:
		line 246 in file "main_rx.c"
 Parameters:    Size  Location     Type
		None
 Auto vars:     Size  Location     Type
		None
 Return value:  Size  Location     Type
                  1    wreg      void 
 Registers used:
		wreg, fsr0l, fsr0h, status,2, status,0, pclath, cstack
 Tracked objects:
		On entry : 
		On exit  : 
		Unchanged: 
 Data sizes:     COMMON   BANK0   BANK1   BANK2
      Params:         0       0       0       0
      Locals:         0       0       0       0
      Temps:          0       3       0       0
      Totals:         0       3       0       0
Total ram usage:        3 bytes
 Hardware stack levels used:    1
 Hardware stack levels required when called:    4
 This function calls:
		_handle_timer_0_overflow
		_handle_timer_1_overflow
 This function is called by:
		Interrupt level 1
 This function uses a non-reentrant model


 *************** function _handle_timer_1_overflow *****************
 Defined at:
		line 162 in file "main_rx.c"
 Parameters:    Size  Location     Type
		None
 Auto vars:     Size  Location     Type
		None
 Return value:  Size  Location     Type
                  1    wreg      void 
 Registers used:
		wreg, fsr0l, fsr0h, status,2, status,0, pclath, cstack
 Tracked objects:
		On entry : 
		On exit  : 
		Unchanged: 
 Data sizes:     COMMON   BANK0   BANK1   BANK2
      Params:         0       0       0       0
      Locals:         0       0       0       0
      Temps:          3       0       0       0
      Totals:         3       0       0       0
Total ram usage:        3 bytes
 Hardware stack levels used:    1
 Hardware stack levels required when called:    2
 This function calls:
		___awdiv
		___eetoc
 This function is called by:
		_interrupt_handler
 This function uses a non-reentrant model


 *************** function ___awdiv *****************
 Defined at:
		line 5 in file "C:\Program Files\Microchip\xc8\v2.31\pic\sources\c90\common\awdiv.c"
 Parameters:    Size  Location     Type
  divisor         2    0[COMMON] int 
  dividend        2    2[COMMON] int 
 Auto vars:     Size  Location     Type
  quotient        2    7[COMMON] int 
  sign            1    6[COMMON] unsigned char 
  counter         1    5[COMMON] unsigned char 
 Return value:  Size  Location     Type
                  2    0[COMMON] int 
 Registers used:
		wreg, status,2, status,0
 Tracked objects:
		On entry : 
		On exit  : 
		Unchanged: 
 Data sizes:     COMMON   BANK0   BANK1   BANK2
      Params:         4       0       0       0
      Locals:         4       0       0       0
      Temps:          1       0       0       0
      Totals:         9       0       0       0
Total ram usage:        9 bytes
 Hardware stack levels used:    1
 This function calls:
		Nothing
 This function is called by:
		_handle_timer_1_overflow
 This function uses a non-reentrant model


 *************** function _handle_timer_0_overflow *****************
 Defined at:
		line 99 in file "main_rx.c"
 Parameters:    Size  Location     Type
		None
 Auto vars:     Size  Location     Type
  starting_sta    1   11[COMMON] unsigned char 
 Return value:  Size  Location     Type
                  1    wreg      void 
 Registers used:
		wreg, fsr0l, fsr0h, status,2, status,0, pclath, cstack
 Tracked objects:
		On entry : 
		On exit  : 
		Unchanged: 
 Data sizes:     COMMON   BANK0   BANK1   BANK2
      Params:         0       0       0       0
      Locals:         1       0       0       0
      Temps:          1       0       0       0
      Totals:         2       0       0       0
Total ram usage:        2 bytes
 Hardware stack levels used:    1
 Hardware stack levels required when called:    3
 This function calls:
		___ctoee
		___eetoc
		_is_valid_message
 This function is called by:
		_interrupt_handler
 This function uses a non-reentrant model


 *************** function _is_valid_message *****************
 Defined at:
		line 87 in file "main_rx.c"
 Parameters:    Size  Location     Type
		None
 Auto vars:     Size  Location     Type
		None
 Return value:  Size  Location     Type
                  1    wreg      _Bool 
 Registers used:
		wreg, fsr0l, fsr0h, status,2, status,0, pclath, cstack
 Tracked objects:
		On entry : 
		On exit  : 
		Unchanged: 
 Data sizes:     COMMON   BANK0   BANK1   BANK2
      Params:         0       0       0       0
      Locals:         2       0       0       0
      Temps:          0       0       0       0
      Totals:         2       0       0       0
Total ram usage:        2 bytes
 Hardware stack levels used:    1
 Hardware stack levels required when called:    2
 This function calls:
		___eetoc
 This function is called by:
		_handle_timer_0_overflow
 This function uses a non-reentrant model


 *************** function ___eetoc *****************
 Defined at:
		line 104 in file "C:\Program Files\Microchip\xc8\v2.31\pic\sources\c90\pic\__eeprom.c"
 Parameters:    Size  Location     Type
  addr            1    wreg     PTR eeprom void 
		 -> expected_address(1), 
 Auto vars:     Size  Location     Type
  addr            1    6[COMMON] PTR eeprom void 
		 -> expected_address(1), 
  data            1    7[COMMON] unsigned char 
 Return value:  Size  Location     Type
                  1    wreg      unsigned char 
 Registers used:
		wreg, fsr0l, fsr0h, status,2, status,0, pclath, cstack
 Tracked objects:
		On entry : 
		On exit  : 
		Unchanged: 
 Data sizes:     COMMON   BANK0   BANK1   BANK2
      Params:         0       0       0       0
      Locals:         2       0       0       0
      Temps:          1       0       0       0
      Totals:         3       0       0       0
Total ram usage:        3 bytes
 Hardware stack levels used:    1
 Hardware stack levels required when called:    1
 This function calls:
		___eecpymem
 This function is called by:
		_is_valid_message
		_handle_timer_0_overflow
		_handle_timer_1_overflow
 This function uses a non-reentrant model


 *************** function ___eecpymem *****************
 Defined at:
		line 6 in file "C:\Program Files\Microchip\xc8\v2.31\pic\sources\c90\pic\__eeprom.c"
 Parameters:    Size  Location     Type
  to              1    wreg     PTR volatile unsigned ch
		 -> __eetofl@data(4), __eetoft@data(4), __eetoo@data(4), __eetol@data(4), 
		 -> __eetom@data(3), __eetoi@data(2), __eetoc@data(1), 
  from            1    0[COMMON] PTR eeprom unsigned char
		 -> expected_address(1), 
  size            1    1[COMMON] unsigned char 
 Auto vars:     Size  Location     Type
  to              1    4[COMMON] PTR volatile unsigned ch
		 -> __eetofl@data(4), __eetoft@data(4), __eetoo@data(4), __eetol@data(4), 
		 -> __eetom@data(3), __eetoi@data(2), __eetoc@data(1), 
  cp              1    3[COMMON] PTR volatile unsigned ch
		 -> __eetofl@data(4), __eetoft@data(4), __eetoo@data(4), __eetol@data(4), 
		 -> __eetom@data(3), __eetoi@data(2), __eetoc@data(1), 
 Return value:  Size  Location     Type
                  1    wreg      void 
 Registers used:
		wreg, fsr0l, fsr0h, status,2, status,0
 Tracked objects:
		On entry : 
		On exit  : 
		Unchanged: 
 Data sizes:     COMMON   BANK0   BANK1   BANK2
      Params:         2       0       0       0
      Locals:         2       0       0       0
      Temps:          1       0       0       0
      Totals:         5       0       0       0
Total ram usage:        5 bytes
 Hardware stack levels used:    1
 This function calls:
		Nothing
 This function is called by:
		___eetoc
 This function uses a non-reentrant model


 *************** function ___ctoee *****************
 Defined at:
		line 150 in file "C:\Program Files\Microchip\xc8\v2.31\pic\sources\c90\pic\__eeprom.c"
 Parameters:    Size  Location     Type
  addr            1    wreg     PTR eeprom void 
		 -> expected_address(1), 
  data            1    5[COMMON] unsigned char 
 Auto vars:     Size  Location     Type
  addr            1    7[COMMON] PTR eeprom void 
		 -> expected_address(1), 
 Return value:  Size  Location     Type
                  1    wreg      unsigned char 
 Registers used:
		wreg, fsr0l, fsr0h, status,2, status,0, pclath, cstack
 Tracked objects:
		On entry : 
		On exit  : 
		Unchanged: 
 Data sizes:     COMMON   BANK0   BANK1   BANK2
      Params:         1       0       0       0
      Locals:         1       0       0       0
      Temps:          1       0       0       0
      Totals:         3       0       0       0
Total ram usage:        3 bytes
 Hardware stack levels used:    1
 Hardware stack levels required when called:    1
 This function calls:
		___memcpyee
 This function is called by:
		_handle_timer_0_overflow
 This function uses a non-reentrant model


 *************** function ___memcpyee *****************
 Defined at:
		line 39 in file "C:\Program Files\Microchip\xc8\v2.31\pic\sources\c90\pic\__eeprom.c"
 Parameters:    Size  Location     Type
  to              1    wreg     PTR eeprom unsigned char
		 -> expected_address(1), 
  from            1    0[COMMON] PTR const unsigned char 
		 -> __fltoee@data(4), __fttoee@data(4), __otoee@data(4), __ltoee@data(4), 
		 -> __mtoee@data(3), __itoee@data(2), __ctoee@data(1), 
  size            1    1[COMMON] unsigned char 
 Auto vars:     Size  Location     Type
  to              1    4[COMMON] PTR eeprom unsigned char
		 -> expected_address(1), 
  ptr             1    3[COMMON] PTR const unsigned char 
		 -> __fltoee@data(4), __fttoee@data(4), __otoee@data(4), __ltoee@data(4), 
		 -> __mtoee@data(3), __itoee@data(2), __ctoee@data(1), 
 Return value:  Size  Location     Type
                  1    wreg      void 
 Registers used:
		wreg, fsr0l, fsr0h, status,2, status,0
 Tracked objects:
		On entry : 
		On exit  : 
		Unchanged: 
 Data sizes:     COMMON   BANK0   BANK1   BANK2
      Params:         2       0       0       0
      Locals:         2       0       0       0
      Temps:          1       0       0       0
      Totals:         5       0       0       0
Total ram usage:        5 bytes
 Hardware stack levels used:    1
 This function calls:
		Nothing
 This function is called by:
		___ctoee
 This function uses a non-reentrant model



MODULE INFORMATION

Module		Function		Class		Link	Load	Size
main_rx.c
		_handle_timer_0_overflow		CODE           	0156	0000	95
		_is_valid_message		CODE           	01FB	0000	57
		_handle_timer_1_overflow		CODE           	0026	0000	201
		_main          		CODE           	02F1	0000	12
		_packet_rx     		CODE           	02DF	0000	18
		_set_zones     		CODE           	0234	0000	51
		_interrupt_handler		CODE           	02BC	0000	35
		_initialize_hw 		CODE           	0294	0000	40

main_rx.c estimated size: 509

C:\Program Files\Microchip\xc8\v2.31\pic\sources\c90\common\awdiv.c
		___awdiv       		CODE           	00EF	0000	103

C:\Program Files\Microchip\xc8\v2.31\pic\sources\c90\common\awdiv.c estimated size: 103

shared
		__initialization		CODE           	000F	0000	21

shared estimated size: 21

C:\Program Files\Microchip\xc8\v2.31\pic\sources\c90\pic\__eeprom.c
		___memcpyee    		CODE           	01B5	0000	70
		___eetoc       		CODE           	02FD	0000	11
		___ctoee       		CODE           	0308	0000	10
		___eecpymem    		CODE           	0267	0000	45

C:\Program Files\Microchip\xc8\v2.31\pic\sources\c90\pic\__eeprom.c estimated size: 136

