Microchip MPLAB XC8 Compiler V2.31

Linker command line:

-W-3 --edf=C:\Program Files\Microchip\xc8\v2.31\pic\dat\en_msgs.txt -cn \
  -h+dist/default/production\software.production.sym \
  --cmf=dist/default/production\software.production.cmf -z -Q16F627A \
  -oC:\Users\KANDER~1\AppData\Local\Temp\sbe0.2 --defsym=__MPLAB_BUILD=1 \
  -Mdist/default/production/software.production.map -E1 -ver=XC8 Compiler \
  --acfsm=1493 -ASTACK=0A0h-0EFh -pstack=STACK -ACODE=00h-03FFh \
  -ASTRCODE=00h-03FFh -ASTRING=00h-0FFhx4 -ACONST=00h-0FFhx4 \
  -AENTRY=00h-0FFhx4 -ACOMMON=070h-07Fh -ABANK0=020h-06Fh -ABANK1=0A0h-0EFh \
  -ABANK2=0120h-014Fh -ARAM=020h-06Fh,0A0h-0EFh,0120h-014Fh \
  -AABS1=020h-07Fh,0A0h-0EFh,0120h-014Fh -ASFR0=00h-01Fh -ASFR1=080h-09Fh \
  -ASFR2=0100h-011Fh -ASFR3=0180h-01EFh -ACONFIG=02007h-02007h -DCONFIG=2 \
  -AIDLOC=02000h-02003h -DIDLOC=2 -AEEDATA=00h-07Fh/02100h \
  -peeprom_data=EEDATA -DEEDATA=2 -DCODE=2 -DSTRCODE=2 -DSTRING=2 -DCONST=2 \
  -DENTRY=2 -preset_vec=00h,intentry=04h,init,end_init -ppowerup=CODE \
  -pcinit=CODE -pfunctab=ENTRY -k \
  C:\Users\KANDER~1\AppData\Local\Temp\sbe0.o \
  dist/default/production\software.production.o 

Object code version is 3.11

Machine type is 16F627A



                Name                               Link     Load   Length Selector   Space Scale
C:\Users\KANDER~1\AppData\Local\Temp\sbe0.o
                end_init                              C        C        1        8       0
                reset_vec                             0        0        1        0       0
                config                             2007     2007        1        0       4
dist/default/production\software.production.o
                cinit                                 D        D       13        8       0
                intentry                              4        4        8        8       0
                config                             2007     2007        1        0       4
                text10                              33A      33A       1D        8       0
                text9                               1E3      1E3       67        8       0
                text8                                20       20       C5        8       0
                text7                               2E4      2E4       39        8       0
                text6                               24A      24A       5A        8       0
                text5                               366      366        C        8       0
                text4                               2A4      2A4       40        8       0
                text3                               357      357        F        8       0
                text2                               31D      31D       1D        8       0
                text1                               172      172       71        8       0
                maintext                             E5       E5       8D        8       0
                cstackBANK0                          20       20        E       20       1
                cstackCOMMON                         70       70        E       70       1
                dataBANK0                            2E       2E        6       20       1
                bssBANK0                             34       34        5       20       1
                idataEEDATA                           0     2100        1     4200       3
                idataBANK0                          372      372        6        8       0

TOTAL           Name                               Link     Load   Length     Space
        CLASS   STACK          

        CLASS   CODE           
                end_init                              C        C        1         0
                cinit                                 D        D       13         0
                intentry                              4        4        8         0
                reset_vec                             0        0        1         0
                text10                              33A      33A       1D         0
                text9                               1E3      1E3       67         0
                text8                                20       20       C5         0
                text7                               2E4      2E4       39         0
                text6                               24A      24A       5A         0
                text5                               366      366        C         0
                text4                               2A4      2A4       40         0
                text3                               357      357        F         0
                text2                               31D      31D       1D         0
                text1                               172      172       71         0
                maintext                             E5       E5       8D         0
                idataBANK0                          372      372        6         0

        CLASS   STRCODE        

        CLASS   STRING         

        CLASS   CONST          

        CLASS   ENTRY          

        CLASS   COMMON         
                cstackCOMMON                         70       70        E         1

        CLASS   BANK0          
                cstackBANK0                          20       20        E         1
                dataBANK0                            2E       2E        6         1
                bssBANK0                             34       34        5         1

        CLASS   BANK1          

        CLASS   BANK2          

        CLASS   RAM            

        CLASS   ABS1           
                abs_s1                               7E       7E        2         1

        CLASS   SFR0           

        CLASS   SFR1           

        CLASS   SFR2           

        CLASS   SFR3           

        CLASS   CONFIG         
                config                             2007     2007        1         4

        CLASS   IDLOC          

        CLASS   EEDATA         
                idataEEDATA                           0     2100        1         3

        CLASS   BANK3          



SEGMENTS        Name                           Load    Length   Top    Selector   Space  Class     Delta

                reset_vec                      000000  000001  000001         0       0  CODE        2
                intentry                       000004  000374  000378         8       0  CODE        2
                cstackBANK0                    000020  000019  000039        20       1  BANK0       1
                cstackCOMMON                   000070  00000E  00007E        70       1  COMMON      1
                idataEEDATA                    002100  000001  002101      4200       3  EEDATA      2


UNUSED ADDRESS RANGES

        Name                Unused          Largest block    Delta
        BANK0            0039-006F             37           1
        BANK1            00A0-00EF             50           1
        BANK2            0120-014F             30           1
        CODE             0001-0003              3           2
                         0378-03FF             88
        CONST            0001-0003              3           2
                         0378-03FF             88
        EEDATA           2101-217F             7F           2
        ENTRY            0001-0003              3           2
                         0378-03FF             88
        IDLOC            2000-2003              4           2
        RAM              0039-006F             37           1
                         00A0-00EF             50
                         0120-014F             30
        SFR0             0000-001F             20           1
        SFR1             0080-009F             20           1
        SFR2             0100-011F             20           1
        SFR3             0180-01EF             70           1
        STACK            00A0-00EF             50           1
        STRCODE          0001-0003              3           2
                         0378-03FF             88
        STRING           0001-0003              3           2
                         0378-03FF             88

                                  Symbol Table

?___awdiv                         cstackCOMMON 0070
_EEADR                            (abs)        009B
_EECON1                           (abs)        009C
_EECON1bits                       (abs)        009C
_EECON2                           (abs)        009D
_EEDATA                           (abs)        009A
_INTCONbits                       (abs)        000B
_OPTION_REGbits                   (abs)        0081
_PIE1bits                         (abs)        008C
_PIR1bits                         (abs)        000C
_PORTB                            (abs)        0006
_PORTBbits                        (abs)        0006
_STATUSbits                       (abs)        0003
_T1CONbits                        (abs)        0010
_TMR1H                            (abs)        000F
_TMR1L                            (abs)        000E
_TRISB                            (abs)        0086
__Habs1                           abs1         0000
__Hbank0                          bank0        0000
__Hbank1                          bank1        0000
__Hbank2                          bank2        0000
__Hbank3                          bank3        0000
__HbssBANK0                       bssBANK0     0000
__Hcinit                          cinit        0020
__Hclrtext                        clrtext      0000
__Hcode                           code         0000
__Hcommon                         common       0000
__Hconfig                         config       2008
__HcstackBANK0                    cstackBANK0  0000
__HcstackCOMMON                   cstackCOMMON 0000
__HdataBANK0                      dataBANK0    0000
__HdataEEDATA                     dataEEDATA   0000
__Heeprom_data                    eeprom_data  0000
__Hend_init                       end_init     000D
__Hfunctab                        functab      0000
__HidataBANK0                     idataBANK0   0000
__HidataEEDATA                    idataEEDATA  0000
__Hinit                           init         000C
__Hintentry                       intentry     000C
__Hmaintext                       maintext     0000
__Hpowerup                        powerup      0000
__Hram                            ram          0000
__Hreset_vec                      reset_vec    0001
__Hsfr0                           sfr0         0000
__Hsfr1                           sfr1         0000
__Hsfr2                           sfr2         0000
__Hsfr3                           sfr3         0000
__Hspace_0                        (abs)        0378
__Hspace_1                        (abs)        007E
__Hspace_2                        (abs)        0000
__Hspace_3                        (abs)        0001
__Hspace_4                        (abs)        400F
__Hstack                          stack        0000
__Hstrings                        strings      0000
__Htext                           text         0000
__Labs1                           abs1         0000
__Lbank0                          bank0        0000
__Lbank1                          bank1        0000
__Lbank2                          bank2        0000
__Lbank3                          bank3        0000
__LbssBANK0                       bssBANK0     0000
__Lcinit                          cinit        000D
__Lclrtext                        clrtext      0000
__Lcode                           code         0000
__Lcommon                         common       0000
__Lconfig                         config       0000
__LcstackBANK0                    cstackBANK0  0000
__LcstackCOMMON                   cstackCOMMON 0000
__LdataBANK0                      dataBANK0    0000
__LdataEEDATA                     dataEEDATA   0000
__Leeprom_data                    eeprom_data  0000
__Lend_init                       end_init     000C
__Lfunctab                        functab      0000
__LidataBANK0                     idataBANK0   0000
__LidataEEDATA                    idataEEDATA  0000
__Linit                           init         000C
__Lintentry                       intentry     0004
__Lmaintext                       maintext     0000
__Lpowerup                        powerup      0000
__Lram                            ram          0000
__Lreset_vec                      reset_vec    0000
__Lsfr0                           sfr0         0000
__Lsfr1                           sfr1         0000
__Lsfr2                           sfr2         0000
__Lsfr3                           sfr3         0000
__Lspace_0                        (abs)        0000
__Lspace_1                        (abs)        0000
__Lspace_2                        (abs)        0000
__Lspace_3                        (abs)        0000
__Lspace_4                        (abs)        0000
__Lstack                          stack        0000
__Lstrings                        strings      0000
__Ltext                           text         0000
__S0                              (abs)        0378
__S1                              (abs)        007E
__S2                              (abs)        0000
__S3                              (abs)        2101
___awdiv                          text9        01E3
___awdiv@counter                  cstackCOMMON 0075
___awdiv@dividend                 cstackCOMMON 0072
___awdiv@divisor                  cstackCOMMON 0070
___awdiv@quotient                 cstackCOMMON 0077
___awdiv@sign                     cstackCOMMON 0076
___ctoee                          text5        0366
___ctoee@addr                     cstackBANK0  002A
___ctoee@data                     cstackBANK0  0028
___eecpymem                       text4        02A4
___eecpymem@cp                    cstackBANK0  0023
___eecpymem@from                  cstackBANK0  0020
___eecpymem@size                  cstackBANK0  0021
___eecpymem@to                    cstackBANK0  0024
___eetoc                          text3        0357
___eetoc@addr                     cstackBANK0  0027
___eetoc@data                     cstackBANK0  0026
___int_sp                         stack        0000
___latbits                        (abs)        0000
___memcpyee                       text6        024A
___memcpyee@from                  cstackBANK0  0020
___memcpyee@ptr                   cstackBANK0  0023
___memcpyee@size                  cstackBANK0  0021
___memcpyee@to                    cstackBANK0  0024
___sp                             stack        0000
___stackhi                        (abs)        0000
___stacklo                        (abs)        0000
__end_of___awdiv                  text9        024A
__end_of___ctoee                  text5        0372
__end_of___eecpymem               text4        02E4
__end_of___eetoc                  text3        0366
__end_of___memcpyee               text6        02A4
__end_of__initialization          cinit        001E
__end_of_handle_port_b_change     text10       0357
__end_of_handle_timer_1_overflow  text8        00E5
__end_of_initialize_hw            text2        033A
__end_of_interrupt_handler        text7        031D
__end_of_main                     maintext     0172
__end_of_send_data                text1        01E3
__initialization                  cinit        000D
__pbssBANK0                       bssBANK0     0034
__pcstackBANK0                    cstackBANK0  0020
__pcstackCOMMON                   cstackCOMMON 0070
__pdataBANK0                      dataBANK0    002E
__pdataEEDATA                     dataEEDATA   0000
__pidataBANK0                     idataBANK0   0372
__pidataEEDATA                    idataEEDATA  0000
__pintentry                       intentry     0004
__pmaintext                       maintext     00E5
__ptext1                          text1        0172
__ptext10                         text10       033A
__ptext2                          text2        031D
__ptext3                          text3        0357
__ptext4                          text4        02A4
__ptext5                          text5        0366
__ptext6                          text6        024A
__ptext7                          text7        02E4
__ptext8                          text8        0020
__ptext9                          text9        01E3
__size_of___awdiv                 (abs)        0000
__size_of___ctoee                 (abs)        0000
__size_of___eecpymem              (abs)        0000
__size_of___eetoc                 (abs)        0000
__size_of___memcpyee              (abs)        0000
__size_of_handle_port_b_change    (abs)        0000
__size_of_handle_timer_1_overflow (abs)        0000
__size_of_initialize_hw           (abs)        0000
__size_of_interrupt_handler       (abs)        0000
__size_of_main                    (abs)        0000
__size_of_send_data               (abs)        0000
_address                          idataEEDATA  0000
_blink_frame                      bssBANK0     0034
_blink_patterns                   dataBANK0    002E
_display_address                  dataBANK0    0033
_handle_port_b_change             text10       033A
_handle_timer_1_overflow          text8        0020
_initialize_hw                    text2        031D
_interrupt_handler                text7        02E4
_main                             maintext     00E5
_pairing_count                    bssBANK0     0035
_pairing_mode                     bssBANK0     0036
_saved_state                      bssBANK0     0037
_send_data                        text1        0172
_state                            bssBANK0     0038
btemp                             (abs)        007E
end_of_initialization             cinit        001E
interrupt_function                intentry     0004
intlevel0                         functab      0000
intlevel1                         functab      0000
intlevel2                         functab      0000
intlevel3                         functab      0000
intlevel4                         functab      0000
intlevel5                         functab      0000
main@prev_state                   cstackBANK0  002D
reset_vec                         reset_vec    0000
saved_w                           (abs)        007E
send_data@data                    cstackBANK0  0022
send_data@i                       cstackBANK0  0025
send_data@i_252                   cstackBANK0  0023
start                             init         000C
start_initialization              cinit        000D
wtemp0                            (abs)        007E


FUNCTION INFORMATION:

 *************** function _main *****************
 Defined at:
		line 219 in file "main_tx.c"
 Parameters:    Size  Location     Type
		None
 Auto vars:     Size  Location     Type
  prev_state      1   13[BANK0 ] unsigned char 
 Return value:  Size  Location     Type
                  1    wreg      void 
 Registers used:
		wreg, fsr0l, fsr0h, status,2, status,0, btemp+1, pclath, cstack
 Tracked objects:
		On entry : 
		On exit  : 
		Unchanged: 
 Data sizes:     COMMON   BANK0   BANK1   BANK2
      Params:         0       0       0       0
      Locals:         0       1       0       0
      Temps:          0       2       0       0
      Totals:         0       3       0       0
Total ram usage:        3 bytes
 Hardware stack levels required when called:    5
 This function calls:
		___ctoee
		___eetoc
		_initialize_hw
		_send_data
 This function is called by:
		Startup code after reset
 This function uses a non-reentrant model


 *************** function _send_data *****************
 Defined at:
		line 197 in file "main_tx.c"
 Parameters:    Size  Location     Type
  data            1    wreg     unsigned char 
 Auto vars:     Size  Location     Type
  data            1    2[BANK0 ] unsigned char 
  i               2    3[BANK0 ] int 
  i               2    5[BANK0 ] int 
 Return value:  Size  Location     Type
                  1    wreg      void 
 Registers used:
		wreg, status,2, btemp+1
 Tracked objects:
		On entry : 
		On exit  : 
		Unchanged: 
 Data sizes:     COMMON   BANK0   BANK1   BANK2
      Params:         0       0       0       0
      Locals:         0       5       0       0
      Temps:          0       2       0       0
      Totals:         0       7       0       0
Total ram usage:        7 bytes
 Hardware stack levels used:    1
 Hardware stack levels required when called:    3
 This function calls:
		Nothing
 This function is called by:
		_main
 This function uses a non-reentrant model


 *************** function _initialize_hw *****************
 Defined at:
		line 47 in file "main_tx.c"
 Parameters:    Size  Location     Type
		None
 Auto vars:     Size  Location     Type
		None
 Return value:  Size  Location     Type
                  1    wreg      void 
 Registers used:
		wreg, status,2
 Tracked objects:
		On entry : 
		On exit  : 
		Unchanged: 
 Data sizes:     COMMON   BANK0   BANK1   BANK2
      Params:         0       0       0       0
      Locals:         0       0       0       0
      Temps:          0       0       0       0
      Totals:         0       0       0       0
Total ram usage:        0 bytes
 Hardware stack levels used:    1
 Hardware stack levels required when called:    3
 This function calls:
		Nothing
 This function is called by:
		_main
 This function uses a non-reentrant model


 *************** function ___eetoc *****************
 Defined at:
		line 104 in file "C:\Program Files\Microchip\xc8\v2.31\pic\sources\c90\pic\__eeprom.c"
 Parameters:    Size  Location     Type
  addr            1    wreg     PTR eeprom void 
		 -> address(1), 
 Auto vars:     Size  Location     Type
  addr            1    7[BANK0 ] PTR eeprom void 
		 -> address(1), 
  data            1    6[BANK0 ] unsigned char 
 Return value:  Size  Location     Type
                  1    wreg      unsigned char 
 Registers used:
		wreg, fsr0l, fsr0h, status,2, status,0, pclath, cstack
 Tracked objects:
		On entry : 
		On exit  : 
		Unchanged: 
 Data sizes:     COMMON   BANK0   BANK1   BANK2
      Params:         0       0       0       0
      Locals:         0       2       0       0
      Temps:          0       1       0       0
      Totals:         0       3       0       0
Total ram usage:        3 bytes
 Hardware stack levels used:    1
 Hardware stack levels required when called:    4
 This function calls:
		___eecpymem
 This function is called by:
		_main
 This function uses a non-reentrant model


 *************** function ___eecpymem *****************
 Defined at:
		line 6 in file "C:\Program Files\Microchip\xc8\v2.31\pic\sources\c90\pic\__eeprom.c"
 Parameters:    Size  Location     Type
  to              1    wreg     PTR volatile unsigned ch
		 -> __eetofl@data(4), __eetoft@data(4), __eetoo@data(4), __eetol@data(4), 
		 -> __eetom@data(3), __eetoi@data(2), __eetoc@data(1), 
  from            1    0[BANK0 ] PTR eeprom unsigned char
		 -> address(1), 
  size            1    1[BANK0 ] unsigned char 
 Auto vars:     Size  Location     Type
  to              1    4[BANK0 ] PTR volatile unsigned ch
		 -> __eetofl@data(4), __eetoft@data(4), __eetoo@data(4), __eetol@data(4), 
		 -> __eetom@data(3), __eetoi@data(2), __eetoc@data(1), 
  cp              1    3[BANK0 ] PTR volatile unsigned ch
		 -> __eetofl@data(4), __eetoft@data(4), __eetoo@data(4), __eetol@data(4), 
		 -> __eetom@data(3), __eetoi@data(2), __eetoc@data(1), 
 Return value:  Size  Location     Type
                  1    wreg      void 
 Registers used:
		wreg, fsr0l, fsr0h, status,2, status,0
 Tracked objects:
		On entry : 
		On exit  : 
		Unchanged: 
 Data sizes:     COMMON   BANK0   BANK1   BANK2
      Params:         0       2       0       0
      Locals:         0       2       0       0
      Temps:          0       1       0       0
      Totals:         0       5       0       0
Total ram usage:        5 bytes
 Hardware stack levels used:    1
 Hardware stack levels required when called:    3
 This function calls:
		Nothing
 This function is called by:
		___eetoc
 This function uses a non-reentrant model


 *************** function ___ctoee *****************
 Defined at:
		line 150 in file "C:\Program Files\Microchip\xc8\v2.31\pic\sources\c90\pic\__eeprom.c"
 Parameters:    Size  Location     Type
  addr            1    wreg     PTR eeprom void 
		 -> address(1), 
  data            1    8[BANK0 ] unsigned char 
 Auto vars:     Size  Location     Type
  addr            1   10[BANK0 ] PTR eeprom void 
		 -> address(1), 
 Return value:  Size  Location     Type
                  1    wreg      unsigned char 
 Registers used:
		wreg, fsr0l, fsr0h, status,2, status,0, pclath, cstack
 Tracked objects:
		On entry : 
		On exit  : 
		Unchanged: 
 Data sizes:     COMMON   BANK0   BANK1   BANK2
      Params:         0       1       0       0
      Locals:         0       1       0       0
      Temps:          0       1       0       0
      Totals:         0       3       0       0
Total ram usage:        3 bytes
 Hardware stack levels used:    1
 Hardware stack levels required when called:    4
 This function calls:
		___memcpyee
 This function is called by:
		_main
 This function uses a non-reentrant model


 *************** function ___memcpyee *****************
 Defined at:
		line 39 in file "C:\Program Files\Microchip\xc8\v2.31\pic\sources\c90\pic\__eeprom.c"
 Parameters:    Size  Location     Type
  to              1    wreg     PTR eeprom unsigned char
		 -> address(1), 
  from            1    0[BANK0 ] PTR const unsigned char 
		 -> __fltoee@data(4), __fttoee@data(4), __otoee@data(4), __ltoee@data(4), 
		 -> __mtoee@data(3), __itoee@data(2), __ctoee@data(1), 
  size            1    1[BANK0 ] unsigned char 
 Auto vars:     Size  Location     Type
  to              1    4[BANK0 ] PTR eeprom unsigned char
		 -> address(1), 
  ptr             1    3[BANK0 ] PTR const unsigned char 
		 -> __fltoee@data(4), __fttoee@data(4), __otoee@data(4), __ltoee@data(4), 
		 -> __mtoee@data(3), __itoee@data(2), __ctoee@data(1), 
 Return value:  Size  Location     Type
                  1    wreg      void 
 Registers used:
		wreg, fsr0l, fsr0h, status,2, status,0
 Tracked objects:
		On entry : 
		On exit  : 
		Unchanged: 
 Data sizes:     COMMON   BANK0   BANK1   BANK2
      Params:         0       2       0       0
      Locals:         0       2       0       0
      Temps:          0       1       0       0
      Totals:         0       5       0       0
Total ram usage:        5 bytes
 Hardware stack levels used:    1
 Hardware stack levels required when called:    3
 This function calls:
		Nothing
 This function is called by:
		___ctoee
 This function uses a non-reentrant model


 *************** function _interrupt_handler *****************
 Defined at:
		line 175 in file "main_tx.c"
 Parameters:    Size  Location     Type
		None
 Auto vars:     Size  Location     Type
		None
 Return value:  Size  Location     Type
                  1    wreg      void 
 Registers used:
		wreg, fsr0l, fsr0h, status,2, status,0, pclath, cstack
 Tracked objects:
		On entry : 
		On exit  : 
		Unchanged: 
 Data sizes:     COMMON   BANK0   BANK1   BANK2
      Params:         0       0       0       0
      Locals:         0       0       0       0
      Temps:          4       0       0       0
      Totals:         4       0       0       0
Total ram usage:        4 bytes
 Hardware stack levels used:    1
 Hardware stack levels required when called:    2
 This function calls:
		_handle_port_b_change
		_handle_timer_1_overflow
 This function is called by:
		Interrupt level 1
 This function uses a non-reentrant model


 *************** function _handle_timer_1_overflow *****************
 Defined at:
		line 95 in file "main_tx.c"
 Parameters:    Size  Location     Type
		None
 Auto vars:     Size  Location     Type
		None
 Return value:  Size  Location     Type
                  1    wreg      void 
 Registers used:
		wreg, fsr0l, fsr0h, status,2, status,0, pclath, cstack
 Tracked objects:
		On entry : 
		On exit  : 
		Unchanged: 
 Data sizes:     COMMON   BANK0   BANK1   BANK2
      Params:         0       0       0       0
      Locals:         0       0       0       0
      Temps:          1       0       0       0
      Totals:         1       0       0       0
Total ram usage:        1 bytes
 Hardware stack levels used:    1
 Hardware stack levels required when called:    1
 This function calls:
		___awdiv
 This function is called by:
		_interrupt_handler
 This function uses a non-reentrant model


 *************** function ___awdiv *****************
 Defined at:
		line 5 in file "C:\Program Files\Microchip\xc8\v2.31\pic\sources\c90\common\awdiv.c"
 Parameters:    Size  Location     Type
  divisor         2    0[COMMON] int 
  dividend        2    2[COMMON] int 
 Auto vars:     Size  Location     Type
  quotient        2    7[COMMON] int 
  sign            1    6[COMMON] unsigned char 
  counter         1    5[COMMON] unsigned char 
 Return value:  Size  Location     Type
                  2    0[COMMON] int 
 Registers used:
		wreg, status,2, status,0
 Tracked objects:
		On entry : 
		On exit  : 
		Unchanged: 
 Data sizes:     COMMON   BANK0   BANK1   BANK2
      Params:         4       0       0       0
      Locals:         4       0       0       0
      Temps:          1       0       0       0
      Totals:         9       0       0       0
Total ram usage:        9 bytes
 Hardware stack levels used:    1
 This function calls:
		Nothing
 This function is called by:
		_handle_timer_1_overflow
 This function uses a non-reentrant model


 *************** function _handle_port_b_change *****************
 Defined at:
		line 73 in file "main_tx.c"
 Parameters:    Size  Location     Type
		None
 Auto vars:     Size  Location     Type
		None
 Return value:  Size  Location     Type
                  1    wreg      unsigned char 
 Registers used:
		wreg, status,2
 Tracked objects:
		On entry : 
		On exit  : 
		Unchanged: 
 Data sizes:     COMMON   BANK0   BANK1   BANK2
      Params:         0       0       0       0
      Locals:         0       0       0       0
      Temps:          0       0       0       0
      Totals:         0       0       0       0
Total ram usage:        0 bytes
 Hardware stack levels used:    1
 This function calls:
		Nothing
 This function is called by:
		_interrupt_handler
 This function uses a non-reentrant model



MODULE INFORMATION

Module		Function		Class		Link	Load	Size
C:\Program Files\Microchip\xc8\v2.31\pic\sources\c90\common\awdiv.c
		___awdiv       		CODE           	01E3	0000	103

C:\Program Files\Microchip\xc8\v2.31\pic\sources\c90\common\awdiv.c estimated size: 103

shared
		__initialization		CODE           	000D	0000	17

shared estimated size: 17

main_tx.c
		_handle_timer_1_overflow		CODE           	0020	0000	197
		_send_data     		CODE           	0172	0000	113
		_main          		CODE           	00E5	0000	141
		_interrupt_handler		CODE           	02E4	0000	57
		_handle_port_b_change		CODE           	033A	0000	29
		_initialize_hw 		CODE           	031D	0000	29

main_tx.c estimated size: 566

C:\Program Files\Microchip\xc8\v2.31\pic\sources\c90\pic\__eeprom.c
		___memcpyee    		CODE           	024A	0000	90
		___eetoc       		CODE           	0357	0000	15
		___ctoee       		CODE           	0366	0000	12
		___eecpymem    		CODE           	02A4	0000	64

C:\Program Files\Microchip\xc8\v2.31\pic\sources\c90\pic\__eeprom.c estimated size: 181

